n/road97.png
n/road631.png
n/road69.png
n/road95.png
n/road673.png
n/road356.png
n/road52.png
n/road354.png
n/road63.png
n/road823.png
n/road630.png
n/road59.png
n/road67.png
n/road819.png
n/road61.png
n/road339.png
n/road73.png
n/road185.png
n/road94.png
n/road65.png
n/road821.png
n/road634.png
n/road80.png
n/road270.png
n/road72.png
n/road289.png
n/road71.png
n/road302.png
n/road60.png
n/road81.png
n/road77.png
n/road92.png
n/road374.png
n/road99.png
n/road635.png
n/road56.png
n/road54.png
n/road87.png
n/road55.png
n/road58.png
n/road53.png
n/road89.png
n/road303.png
n/road66.png
n/road68.png
n/road637.png
n/road76.png
n/road74.png
n/road676.png
n/road98.png
n/road632.png
n/road306.png
n/road78.png
n/road82.png
n/road86.png
n/road62.png
n/road93.png
n/road633.png
n/road75.png
n/road824.png
n/road674.png
n/road64.png
n/road91.png
n/road876.png
n/road70.png
n/road85.png
n/road83.png
n/road79.png
n/road204.png
n/road495.png
n/road148.png
n/road580.png
n/road137.png
n/road155.png
n/road532.png
n/road130.png
n/road153.png
n/road127.png
n/road465.png
n/road145.png
n/road133.png
n/road548.png
n/road143.png
n/road782.png
n/road187.png
n/road464.png
n/road669.png
n/road205.png
n/road460.png
n/road315.png
n/road171.png
n/road149.png
n/road166.png
n/road462.png
n/road656.png
n/road193.png
n/road183.png
n/road176.png
n/road324.png
n/road165.png
n/road125.png
n/road123.png
n/road576.png
n/road152.png
n/road135.png
n/road124.png
n/road140.png
n/road598.png
n/road864.png
n/road167.png
n/road178.png
n/road300.png
n/road573.png
n/road146.png
n/road583.png
n/road122.png
n/road158.png
n/road128.png
n/road141.png
n/road136.png
n/road546.png
n/road200.png
n/road658.png
n/road189.png
n/road129.png
n/road168.png
n/road138.png
n/road826.png
n/road190.png
n/road131.png
n/road150.png
n/road170.png
n/road144.png
n/road544.png
n/road318.png
n/road579.png
n/road564.png
n/road151.png
n/road147.png
n/road134.png
n/road156.png
n/road560.png
n/road154.png
n/road581.png
n/road578.png
n/road534.png
n/road142.png
n/road839.png
n/road760.png
n/road699.png
n/road778.png
n/road328.png
n/road652.png
n/road504.png
n/road260.png
n/road277.png
n/road855.png
n/road427.png
n/road115.png
n/road647.png
n/road114.png
n/road191.png
n/road762.png
n/road536.png
n/road412.png
n/road234.png
n/road547.png
n/road872.png
n/road639.png
n/road227.png
n/road606.png
n/road701.png
n/road730.png
n/road520.png
n/road312.png
n/road698.png
n/road830.png
n/road120.png
n/road492.png
n/road861.png
n/road441.png
n/road470.png
n/road440.png
n/road589.png
n/road571.png
n/road693.png
n/road105.png
n/road263.png
n/road600.png
n/road372.png
n/road827.png
n/road624.png
n/road751.png
n/road416.png
n/road112.png
n/road362.png
n/road596.png
n/road857.png
n/road744.png
n/road736.png
n/road526.png
n/road288.png
n/road718.png
n/road642.png
n/road182.png
n/road847.png
n/road214.png
n/road678.png
n/road577.png
n/road264.png
n/road346.png
n/road603.png
n/road628.png
n/road483.png
n/road690.png
n/road432.png
n/road662.png
n/road863.png
n/road402.png
n/road688.png
n/road529.png
n/road602.png
n/road849.png
n/road218.png
n/road527.png
n/road845.png
n/road773.png
n/road731.png
n/road733.png
n/road254.png
n/road627.png
n/road838.png
n/road473.png
n/road585.png
n/road103.png
n/road336.png
n/road330.png
n/road198.png
n/road604.png
n/road344.png
n/road708.png
n/road829.png
n/road206.png
n/road451.png
n/road682.png
n/road331.png
n/road244.png
n/road590.png
n/road159.png
n/road443.png
n/road308.png
n/road391.png
n/road608.png
n/road430.png
n/road232.png
n/road395.png
n/road813.png
n/road224.png
n/road638.png
n/road322.png
n/road109.png
n/road599.png
n/road807.png
n/road415.png
n/road814.png
n/road287.png
n/road509.png
n/road697.png
n/road265.png
n/road409.png
n/road437.png
n/road619.png
n/road110.png
n/road481.png
n/road422.png
n/road196.png
n/road617.png
n/road644.png
n/road294.png
n/road732.png
n/road679.png
n/road691.png
n/road340.png
n/road217.png
n/road428.png
n/road248.png
n/road116.png
n/road304.png
n/road772.png
n/road261.png
n/road425.png
n/road858.png
n/road203.png
n/road713.png
n/road677.png
n/road767.png
n/road496.png
n/road448.png
n/road296.png
n/road447.png
n/road794.png
n/road524.png
n/road609.png
n/road734.png
n/road367.png
n/road292.png
n/road800.png
n/road784.png
n/road510.png
n/road704.png
n/road364.png
n/road537.png
n/road121.png
n/road225.png
n/road301.png
n/road413.png
n/road173.png
n/road792.png
n/road702.png
n/road383.png
n/road586.png
n/road533.png
n/road259.png
n/road660.png
n/road626.png
n/road502.png
n/road506.png
n/road742.png
n/road490.png
n/road781.png
n/road818.png
n/road528.png
n/road748.png
n/road570.png
n/road874.png
n/road184.png
n/road538.png
n/road258.png
n/road365.png
n/road380.png
n/road359.png
n/road565.png
n/road835.png
n/road611.png
n/road518.png
n/road262.png
n/road515.png
n/road467.png
n/road802.png
n/road852.png
n/road468.png
n/road610.png
n/road350.png
n/road424.png
n/road531.png
n/road162.png
n/road692.png
n/road408.png
n/road549.png
n/road558.png
n/road700.png
n/road726.png
n/road352.png
n/road865.png
n/road371.png
n/road332.png
n/road323.png
n/road749.png
n/road507.png
n/road298.png
n/road484.png
n/road707.png
n/road476.png
n/road738.png
n/road667.png
n/road491.png
n/road505.png
n/road497.png
n/road716.png
n/road104.png
n/road452.png
n/road601.png
n/road477.png
n/road817.png
n/road687.png
n/road797.png
n/road400.png
n/road421.png
n/road512.png
n/road357.png
n/road837.png
n/road640.png
n/road376.png
n/road724.png
n/road107.png
n/road833.png
n/road556.png
n/road641.png
n/road434.png
n/road453.png
n/road226.png
n/road803.png
n/road386.png
n/road717.png
n/road848.png
n/road755.png
n/road757.png
n/road403.png
n/road334.png
n/road648.png
n/road723.png
n/road539.png
n/road397.png
n/road831.png
n/road188.png
n/road551.png
n/road623.png
n/road419.png
n/road625.png
n/road801.png
n/road177.png
n/road783.png
n/road398.png
n/road555.png
n/road774.png
n/road621.png
n/road458.png
n/road722.png
n/road220.png
n/road326.png
n/road828.png
n/road406.png
n/road399.png
n/road766.png
n/road703.png
n/road844.png
n/road770.png
n/road100.png
n/road753.png
n/road675.png
n/road197.png
n/road853.png
n/road588.png
n/road436.png
n/road789.png
n/road572.png
n/road221.png
n/road455.png
n/road219.png
n/road384.png
n/road758.png
n/road449.png
n/road811.png
n/road666.png
n/road279.png
n/road557.png
n/road779.png
n/road591.png
n/road276.png
n/road873.png
n/road522.png
n/road111.png
n/road720.png
n/road750.png
n/road514.png
n/road433.png
n/road201.png
n/road500.png
n/road480.png
n/road850.png
n/road348.png
n/road474.png
n/road657.png
n/road102.png
n/road209.png
n/road618.png
n/road281.png
n/road233.png
n/road871.png
n/road513.png
n/road799.png
n/road653.png
n/road739.png
n/road396.png
n/road405.png
n/road875.png
n/road615.png
n/road796.png
n/road117.png
n/road242.png
n/road735.png
n/road478.png
n/road597.png
n/road834.png
n/road854.png
n/road211.png
n/road274.png
n/road366.png
n/road542.png
n/road535.png
n/road741.png
n/road286.png
n/road411.png
n/road629.png
n/road456.png
n/road390.png
n/road804.png
n/road199.png
n/road106.png
n/road252.png
n/road439.png
n/road574.png
n/road754.png
n/road870.png
n/road255.png
n/road327.png
n/road711.png
n/road670.png
n/road795.png
n/road423.png
n/road163.png
n/road672.png
n/road832.png
n/road696.png
n/road269.png
n/road752.png
n/road511.png
n/road810.png
n/road840.png
n/road841.png
n/road709.png
n/road737.png
n/road290.png
n/road360.png
n/road685.png
n/road793.png
n/road593.png
n/road299.png
n/road310.png
n/road414.png
n/road664.png
n/road489.png
n/road859.png
n/road454.png
n/road525.png
n/road815.png
n/road787.png
n/road305.png
n/road655.png
n/road494.png
n/road223.png
n/road243.png
n/road780.png
n/road297.png
n/road377.png
n/road410.png
n/road314.png
n/road759.png
n/road417.png
n/road466.png
n/road680.png
n/road816.png
n/road369.png
n/road239.png
n/road450.png
n/road650.png
n/road740.png
n/road659.png
n/road291.png
n/road866.png
n/road401.png
n/road499.png
n/road545.png
n/road665.png
n/road250.png
n/road805.png
n/road267.png
n/road616.png
n/road683.png
n/road607.png
n/road806.png
n/road435.png
n/road786.png
n/road311.png
n/road684.png
n/road280.png
n/road208.png
n/road385.png
n/road595.png
n/road317.png
n/road869.png
n/road169.png
n/road245.png
n/road230.png
n/road212.png
n/road319.png
n/road266.png
n/road393.png
n/road108.png
n/road612.png
n/road561.png
n/road216.png
n/road231.png
n/road345.png
n/road694.png
n/road213.png
n/road485.png
n/road761.png
n/road341.png
n/road808.png
n/road862.png
n/road613.png
n/road442.png
n/road389.png
n/road172.png
n/road649.png
n/road337.png
n/road712.png
n/road695.png
n/road867.png
n/road113.png
n/road316.png
n/road777.png
n/road463.png
n/road361.png
n/road553.png
n/road661.png
n/road236.png
n/road686.png
n/road338.png
n/road710.png
n/road605.png
n/road651.png
n/road237.png
n/road325.png
n/road271.png
n/road407.png
n/road375.png
n/road768.png
n/road563.png
n/road118.png
n/road246.png
n/road498.png
n/road487.png
n/road727.png
n/road381.png
n/road202.png
n/road392.png
n/road594.png
n/road257.png
n/road431.png
n/road516.png
n/road743.png
n/road503.png
n/road475.png
n/road714.png
n/road382.png
n/road273.png
n/road645.png
n/road671.png
n/road508.png
n/road215.png
n/road482.png
n/road541.png
n/road210.png
n/road293.png
n/road249.png
n/road119.png
n/road282.png
n/road756.png
n/road349.png
n/road592.png
n/road843.png
n/road222.png
n/road457.png
n/road253.png
n/road643.png
n/road523.png
n/road798.png
n/road790.png
n/road229.png
n/road175.png
n/road788.png
n/road705.png
n/road663.png
n/road256.png
n/road729.png
n/road501.png
n/road689.png
n/road517.png
n/road715.png
n/road394.png
n/road438.png
n/road614.png
n/road868.png
n/road540.png
n/road333.png
n/road856.png
n/road775.png
n/road228.png
n/road725.png
n/road569.png
n/road355.png
n/road283.png
n/road268.png
n/road785.png
n/road370.png
n/road568.png
n/road343.png
n/road444.png
n/road241.png
n/road521.png
n/road747.png
n/road284.png
n/road459.png
n/road566.png
n/road812.png
n/road769.png
n/road654.png
n/road519.png
n/road295.png
n/road404.png
n/road379.png
n/road620.png
n/road161.png
n/road746.png
n/road622.png
n/road575.png
n/road771.png
n/road320.png
n/road554.png
n/road745.png
n/road552.png
n/road174.png
n/road247.png
n/road550.png