n/road49.png
n/road12.png
n/road31.png
n/road14.png
n/road37.png
n/road28.png
n/road10.png
n/road8.png
n/road2.png
n/road38.png
n/road42.png
n/road30.png
n/road39.png
n/road51.png
n/road1.png
n/road25.png
n/road43.png
n/road40.png
n/road0.png
n/road275.png
n/road41.png
n/road44.png
n/road22.png
n/road21.png
n/road50.png
n/road32.png
n/road24.png
n/road3.png
n/road48.png
n/road35.png
n/road825.png
n/road164.png
n/road822.png
n/road34.png
n/road846.png
n/road47.png
n/road33.png
n/road27.png
n/road195.png
n/road820.png
n/road26.png
n/road6.png
n/road16.png
n/road7.png
n/road17.png
n/road582.png
n/road23.png
n/road29.png
n/road46.png
n/road20.png
n/road9.png
n/road36.png
n/road11.png
n/road15.png
n/road97.png
n/road631.png
n/road69.png
n/road95.png
n/road673.png
n/road356.png
n/road52.png
n/road354.png
n/road63.png
n/road823.png
n/road630.png
n/road59.png
n/road67.png
n/road819.png
n/road61.png
n/road339.png
n/road73.png
n/road185.png
n/road94.png
n/road65.png
n/road821.png
n/road634.png
n/road80.png
n/road270.png
n/road72.png
n/road289.png
n/road71.png
n/road302.png
n/road60.png
n/road81.png
n/road77.png
n/road92.png
n/road374.png
n/road99.png
n/road635.png
n/road56.png
n/road54.png
n/road87.png
n/road55.png
n/road58.png
n/road53.png
n/road89.png
n/road303.png
n/road66.png
n/road68.png
n/road637.png
n/road76.png
n/road74.png
n/road676.png
n/road98.png
n/road632.png
n/road306.png
n/road78.png
n/road82.png
n/road86.png
n/road62.png
n/road93.png
n/road633.png
n/road75.png
n/road824.png
n/road674.png
n/road64.png
n/road91.png
n/road876.png
n/road70.png
n/road85.png
n/road83.png
n/road79.png
n/road204.png
n/road495.png
n/road148.png
n/road580.png
n/road137.png
n/road155.png
n/road532.png
n/road130.png
n/road153.png
n/road127.png
n/road465.png
n/road145.png
n/road133.png
n/road548.png
n/road143.png
n/road782.png
n/road187.png
n/road464.png
n/road669.png
n/road205.png
n/road460.png
n/road315.png
n/road171.png
n/road149.png
n/road166.png
n/road462.png
n/road656.png
n/road193.png
n/road183.png
n/road176.png
n/road324.png
n/road165.png
n/road125.png
n/road123.png
n/road576.png
n/road152.png
n/road135.png
n/road124.png
n/road140.png
n/road598.png
n/road864.png
n/road167.png
n/road178.png
n/road300.png
n/road573.png
n/road146.png
n/road583.png
n/road122.png
n/road158.png
n/road128.png
n/road141.png
n/road136.png
n/road546.png
n/road200.png
n/road658.png
n/road189.png
n/road129.png
n/road168.png
n/road138.png
n/road826.png
n/road190.png
n/road131.png
n/road150.png
n/road170.png
n/road144.png
n/road544.png
n/road318.png
n/road579.png
n/road564.png
n/road151.png
n/road147.png
n/road134.png
n/road156.png
n/road560.png
n/road154.png
n/road581.png
n/road578.png
n/road534.png
n/road142.png